// Jest Snapshot v1, https://goo.gl/fbAQLP

exports[`containers/BuyPage/actions/closeSnackbars should closeSnackbars should create closeSnackbars action 1`] = `
Object {
  "type": "atomicapp/BuyPage/SNACKBARS_CLOSE",
}
`;

exports[`containers/BuyPage/actions/openSnackbars should openSnackbars should create openSnackbars action 1`] = `
Object {
  "payload": Object {
    "message": "message",
  },
  "type": "atomicapp/BuyPage/SNACKBARS_OPEN",
}
`;
